../Core/Src/main.c:166:5:main	256	static
../Core/Src/main.c:304:6:SystemClock_Config	96	static
../Core/Src/main.c:365:13:MX_DFSDM1_Init	8	static
../Core/Src/main.c:403:13:MX_I2C2_Init	8	static
../Core/Src/main.c:451:13:MX_QUADSPI_Init	8	static
../Core/Src/main.c:484:13:MX_SPI3_Init	8	static
../Core/Src/main.c:524:13:MX_USART1_UART_Init	8	static
../Core/Src/main.c:559:13:MX_USART3_UART_Init	8	static
../Core/Src/main.c:594:13:MX_USB_OTG_FS_PCD_Init	8	static
../Core/Src/main.c:629:13:MX_GPIO_Init	48	static
../Core/Src/main.c:822:13:UpdateLedsForState	8	static
../Core/Src/main.c:845:6:AlarmBlinkTimerCallback	16	static
../Core/Src/main.c:852:6:CodeTimeoutCallback	24	static
../Core/Src/main.c:858:6:ButtonTask	48	static
../Core/Src/main.c:874:6:SensorTask	32	static
../Core/Src/main.c:900:6:StateTask	128	static
../Core/Src/main.c:970:12:wifi_start	40	static
../Core/Src/main.c:1001:5:wifi_connect	64	dynamic
../Core/Src/main.c:1037:5:wifi_server	40	static
../Core/Src/main.c:1075:13:WebServerProcess	24	static
../Core/Src/main.c:1155:6:HAL_GPIO_EXTI_Callback	16	static
../Core/Src/main.c:1172:6:SPI3_IRQHandler	8	static
../Core/Src/main.c:1188:22:SendWebPage	48	static
../Core/Src/main.c:1247:1:__io_putchar	16	static
../Core/Src/main.c:1281:6:StartDefaultTask	16	static
../Core/Src/main.c:1301:6:HAL_TIM_PeriodElapsedCallback	16	static
../Core/Src/main.c:1319:6:Error_Handler	4	static,ignoring_inline_asm
